// Jest Snapshot v1, https://goo.gl/fbAQLP

exports[`Movie List Component should render correctly 1`] = `
<View
  style={
    Array [
      Object {
        "alignItems": "center",
        "flexBasis": 0,
        "flexGrow": 1,
        "flexShrink": 1,
        "justifyContent": "center",
        "marginTop": "5%",
        "width": "100%",
      },
    ]
  }
>
  <ActivityIndicator
    color="#ffffff"
    size="large"
  />
</View>
`;
